nohup: 忽略输入
正在处理序列 31 -> scene-0031
/home/zmh/miniconda3/envs/openmmlab/lib/python3.8/site-packages/mmengine/model/utils.py:137: UserWarning: Cannot import torch.fx, `merge_dict` is a simple function to merge multiple dicts
  warnings.warn('Cannot import torch.fx, `merge_dict` is a simple function '
process: 0/64
left_side: 0, right_side: 64
cloud merging done!
left_side_gen: 0, right_side_gen: 64
iter cost: 156.7695028781891s
序列 31 处理完成
正在处理序列 32 -> scene-0032
/home/zmh/miniconda3/envs/openmmlab/lib/python3.8/site-packages/mmengine/model/utils.py:137: UserWarning: Cannot import torch.fx, `merge_dict` is a simple function to merge multiple dicts
  warnings.warn('Cannot import torch.fx, `merge_dict` is a simple function '
process: 0/126
left_side: 0, right_side: 40
cloud merging done!
left_side_gen: 0, right_side_gen: 36
iter cost: 82.74478769302368s
process: 36/126
left_side: 36, right_side: 76
cloud merging done!
left_side_gen: 0, right_side_gen: 36
iter cost: 70.52273631095886s
process: 72/126
left_side: 72, right_side: 126
cloud merging done!
left_side_gen: 0, right_side_gen: 54
iter cost: 98.77456760406494s
序列 32 处理完成
正在处理序列 33 -> scene-0033
/home/zmh/miniconda3/envs/openmmlab/lib/python3.8/site-packages/mmengine/model/utils.py:137: UserWarning: Cannot import torch.fx, `merge_dict` is a simple function to merge multiple dicts
  warnings.warn('Cannot import torch.fx, `merge_dict` is a simple function '
process: 0/156
left_side: 0, right_side: 40
cloud merging done!
left_side_gen: 0, right_side_gen: 36
iter cost: 38.99035906791687s
process: 36/156
left_side: 36, right_side: 76
cloud merging done!
left_side_gen: 0, right_side_gen: 36
iter cost: 28.19338059425354s
process: 72/156
left_side: 72, right_side: 112
cloud merging done!
left_side_gen: 0, right_side_gen: 36
iter cost: 27.54853653907776s
process: 108/156
left_side: 108, right_side: 156
cloud merging done!
left_side_gen: 0, right_side_gen: 48
iter cost: 50.14901661872864s
序列 33 处理完成
正在处理序列 34 -> scene-0034
/home/zmh/miniconda3/envs/openmmlab/lib/python3.8/site-packages/mmengine/model/utils.py:137: UserWarning: Cannot import torch.fx, `merge_dict` is a simple function to merge multiple dicts
  warnings.warn('Cannot import torch.fx, `merge_dict` is a simple function '
process: 0/99
left_side: 0, right_side: 40
cloud merging done!
left_side_gen: 0, right_side_gen: 36
iter cost: 39.88776969909668s
process: 36/99
left_side: 36, right_side: 99
cloud merging done!
left_side_gen: 0, right_side_gen: 63
iter cost: 66.64274048805237s
序列 34 处理完成
正在处理序列 35 -> scene-0035
/home/zmh/miniconda3/envs/openmmlab/lib/python3.8/site-packages/mmengine/model/utils.py:137: UserWarning: Cannot import torch.fx, `merge_dict` is a simple function to merge multiple dicts
  warnings.warn('Cannot import torch.fx, `merge_dict` is a simple function '
process: 0/129
left_side: 0, right_side: 40
cloud merging done!
left_side_gen: 0, right_side_gen: 36
iter cost: 38.583632707595825s
process: 36/129
left_side: 36, right_side: 76
cloud merging done!
left_side_gen: 0, right_side_gen: 36
iter cost: 28.15342617034912s
process: 72/129
left_side: 72, right_side: 129
cloud merging done!
left_side_gen: 0, right_side_gen: 57
iter cost: 34.819201946258545s
序列 35 处理完成
正在处理序列 36 -> scene-0036
/home/zmh/miniconda3/envs/openmmlab/lib/python3.8/site-packages/mmengine/model/utils.py:137: UserWarning: Cannot import torch.fx, `merge_dict` is a simple function to merge multiple dicts
  warnings.warn('Cannot import torch.fx, `merge_dict` is a simple function '
process: 0/128
left_side: 0, right_side: 40
cloud merging done!
left_side_gen: 0, right_side_gen: 36
iter cost: 71.32479238510132s
process: 36/128
left_side: 36, right_side: 76
cloud merging done!
left_side_gen: 0, right_side_gen: 36
iter cost: 70.31022310256958s
process: 72/128
left_side: 72, right_side: 128
cloud merging done!
left_side_gen: 0, right_side_gen: 56
iter cost: 109.98986649513245s
序列 36 处理完成
正在处理序列 37 -> scene-0037
/home/zmh/miniconda3/envs/openmmlab/lib/python3.8/site-packages/mmengine/model/utils.py:137: UserWarning: Cannot import torch.fx, `merge_dict` is a simple function to merge multiple dicts
  warnings.warn('Cannot import torch.fx, `merge_dict` is a simple function '
process: 0/87
left_side: 0, right_side: 40
cloud merging done!
left_side_gen: 0, right_side_gen: 36
iter cost: 62.94770550727844s
process: 36/87
left_side: 36, right_side: 87
cloud merging done!
left_side_gen: 0, right_side_gen: 51
iter cost: 107.41354560852051s
序列 37 处理完成
正在处理序列 38 -> scene-0038
/home/zmh/miniconda3/envs/openmmlab/lib/python3.8/site-packages/mmengine/model/utils.py:137: UserWarning: Cannot import torch.fx, `merge_dict` is a simple function to merge multiple dicts
  warnings.warn('Cannot import torch.fx, `merge_dict` is a simple function '
process: 0/196
left_side: 0, right_side: 40
cloud merging done!
left_side_gen: 0, right_side_gen: 36
iter cost: 80.11643290519714s
process: 36/196
left_side: 36, right_side: 76
cloud merging done!
left_side_gen: 0, right_side_gen: 36
iter cost: 72.008873462677s
process: 72/196
left_side: 72, right_side: 112
cloud merging done!
left_side_gen: 0, right_side_gen: 36
iter cost: 60.217690229415894s
process: 108/196
left_side: 108, right_side: 148
cloud merging done!
left_side_gen: 0, right_side_gen: 36
iter cost: 53.8223021030426s
process: 144/196
left_side: 144, right_side: 196
cloud merging done!
left_side_gen: 0, right_side_gen: 52
iter cost: 135.97096180915833s
序列 38 处理完成
正在处理序列 39 -> scene-0039
/home/zmh/miniconda3/envs/openmmlab/lib/python3.8/site-packages/mmengine/model/utils.py:137: UserWarning: Cannot import torch.fx, `merge_dict` is a simple function to merge multiple dicts
  warnings.warn('Cannot import torch.fx, `merge_dict` is a simple function '
process: 0/123
left_side: 0, right_side: 40
cloud merging done!
left_side_gen: 0, right_side_gen: 36
iter cost: 78.93796968460083s
process: 36/123
left_side: 36, right_side: 76
cloud merging done!
left_side_gen: 0, right_side_gen: 36
iter cost: 63.13385343551636s
process: 72/123
left_side: 72, right_side: 123
cloud merging done!
left_side_gen: 0, right_side_gen: 51
iter cost: 98.98301553726196s
序列 39 处理完成
正在处理序列 40 -> scene-0040
/home/zmh/miniconda3/envs/openmmlab/lib/python3.8/site-packages/mmengine/model/utils.py:137: UserWarning: Cannot import torch.fx, `merge_dict` is a simple function to merge multiple dicts
  warnings.warn('Cannot import torch.fx, `merge_dict` is a simple function '
process: 0/156
left_side: 0, right_side: 40
cloud merging done!
left_side_gen: 0, right_side_gen: 36
iter cost: 66.78177618980408s
process: 36/156
left_side: 36, right_side: 76
cloud merging done!
left_side_gen: 0, right_side_gen: 36
iter cost: 17.965434312820435s
process: 72/156
left_side: 72, right_side: 112
cloud merging done!
left_side_gen: 0, right_side_gen: 36
iter cost: 19.980142831802368s
process: 108/156
left_side: 108, right_side: 156
cloud merging done!
left_side_gen: 0, right_side_gen: 48
iter cost: 52.220672607421875s
序列 40 处理完成
所有序列处理完成
