nohup: 忽略输入
正在处理序列 81 -> scene-0081
/home/zmh/miniconda3/envs/openmmlab/lib/python3.8/site-packages/mmengine/model/utils.py:137: UserWarning: Cannot import torch.fx, `merge_dict` is a simple function to merge multiple dicts
  warnings.warn('Cannot import torch.fx, `merge_dict` is a simple function '
process: 0/51
left_side: 0, right_side: 51
cloud merging done!
left_side_gen: 0, right_side_gen: 51
iter cost: 95.9275450706482s
序列 81 处理完成
正在处理序列 82 -> scene-0082
/home/zmh/miniconda3/envs/openmmlab/lib/python3.8/site-packages/mmengine/model/utils.py:137: UserWarning: Cannot import torch.fx, `merge_dict` is a simple function to merge multiple dicts
  warnings.warn('Cannot import torch.fx, `merge_dict` is a simple function '
process: 0/78
left_side: 0, right_side: 40
cloud merging done!
left_side_gen: 0, right_side_gen: 36
iter cost: 66.50711274147034s
process: 36/78
left_side: 36, right_side: 78
cloud merging done!
left_side_gen: 0, right_side_gen: 42
iter cost: 58.49613642692566s
序列 82 处理完成
正在处理序列 83 -> scene-0083
/home/zmh/miniconda3/envs/openmmlab/lib/python3.8/site-packages/mmengine/model/utils.py:137: UserWarning: Cannot import torch.fx, `merge_dict` is a simple function to merge multiple dicts
  warnings.warn('Cannot import torch.fx, `merge_dict` is a simple function '
process: 0/61
left_side: 0, right_side: 61
cloud merging done!
left_side_gen: 0, right_side_gen: 61
iter cost: 154.42547821998596s
序列 83 处理完成
正在处理序列 84 -> scene-0084
/home/zmh/miniconda3/envs/openmmlab/lib/python3.8/site-packages/mmengine/model/utils.py:137: UserWarning: Cannot import torch.fx, `merge_dict` is a simple function to merge multiple dicts
  warnings.warn('Cannot import torch.fx, `merge_dict` is a simple function '
process: 0/53
left_side: 0, right_side: 53
cloud merging done!
left_side_gen: 0, right_side_gen: 53
iter cost: 132.01549410820007s
序列 84 处理完成
正在处理序列 85 -> scene-0085
/home/zmh/miniconda3/envs/openmmlab/lib/python3.8/site-packages/mmengine/model/utils.py:137: UserWarning: Cannot import torch.fx, `merge_dict` is a simple function to merge multiple dicts
  warnings.warn('Cannot import torch.fx, `merge_dict` is a simple function '
process: 0/45
left_side: 0, right_side: 45
cloud merging done!
left_side_gen: 0, right_side_gen: 45
iter cost: 84.65139245986938s
序列 85 处理完成
正在处理序列 86 -> scene-0086
/home/zmh/miniconda3/envs/openmmlab/lib/python3.8/site-packages/mmengine/model/utils.py:137: UserWarning: Cannot import torch.fx, `merge_dict` is a simple function to merge multiple dicts
  warnings.warn('Cannot import torch.fx, `merge_dict` is a simple function '
process: 0/52
left_side: 0, right_side: 52
cloud merging done!
left_side_gen: 0, right_side_gen: 52
iter cost: 102.0910542011261s
序列 86 处理完成
正在处理序列 87 -> scene-0087
/home/zmh/miniconda3/envs/openmmlab/lib/python3.8/site-packages/mmengine/model/utils.py:137: UserWarning: Cannot import torch.fx, `merge_dict` is a simple function to merge multiple dicts
  warnings.warn('Cannot import torch.fx, `merge_dict` is a simple function '
process: 0/64
left_side: 0, right_side: 64
cloud merging done!
left_side_gen: 0, right_side_gen: 64
iter cost: 183.55622696876526s
序列 87 处理完成
正在处理序列 88 -> scene-0088
/home/zmh/miniconda3/envs/openmmlab/lib/python3.8/site-packages/mmengine/model/utils.py:137: UserWarning: Cannot import torch.fx, `merge_dict` is a simple function to merge multiple dicts
  warnings.warn('Cannot import torch.fx, `merge_dict` is a simple function '
process: 0/47
left_side: 0, right_side: 47
cloud merging done!
left_side_gen: 0, right_side_gen: 47
iter cost: 92.0357711315155s
序列 88 处理完成
正在处理序列 89 -> scene-0089
/home/zmh/miniconda3/envs/openmmlab/lib/python3.8/site-packages/mmengine/model/utils.py:137: UserWarning: Cannot import torch.fx, `merge_dict` is a simple function to merge multiple dicts
  warnings.warn('Cannot import torch.fx, `merge_dict` is a simple function '
process: 0/47
left_side: 0, right_side: 47
cloud merging done!
left_side_gen: 0, right_side_gen: 47
iter cost: 116.53625845909119s
序列 89 处理完成
正在处理序列 90 -> scene-0090
/home/zmh/miniconda3/envs/openmmlab/lib/python3.8/site-packages/mmengine/model/utils.py:137: UserWarning: Cannot import torch.fx, `merge_dict` is a simple function to merge multiple dicts
  warnings.warn('Cannot import torch.fx, `merge_dict` is a simple function '
process: 0/60
left_side: 0, right_side: 60
cloud merging done!
left_side_gen: 0, right_side_gen: 60
iter cost: 165.37517595291138s
序列 90 处理完成
所有序列处理完成
